path=/home/ubuntu/githubs/myrun/prompt/合并提示词-新标签402.md
file_path=/home/ubuntu/githubs/myrun/dataset/hangzhou/杭州恒大国玺悦龙府副本(3).xlsx
# 任务

- 背景：我是一名物业服务人员，我想要从聊天信息中提取每一件事，并对事件进行精准分类，以方便进行统计。
- 你的任务：以业主正面情绪、负面情绪和无明显情绪的事件，作为最主要的3个聚焦点，匹配精准的标签。

# 正面情绪标签库：

"""

##  夸奖管家或前台事件

- 特指业主强烈夸奖管家、前台的情况，尤其是有直接大力夸赞管家或前台负责任、热心、人好、贴心的语言。注意：需要明确业主的夸奖中有称赞词汇才纳入此标签，不要揣测。业主简单地回复正面情绪不强烈的客套话，如“谢谢”“好的”“感谢”这些词语，不纳入此标签。
- 例如：“管家好负责”“管家好用心”“这是我见过最好的管家”“你比之前的管家好多了”“管家处理很及时”“管家很贴心”“管家辛苦了”等。
- 注意：只有明确提及“管家”“前台”的称呼时，才纳入此标签。

## 夸奖保安员事件

- 特指业主强烈夸奖保安、门岗、监控员、秩序员的情况，尤其是有直接大力夸赞保安、门岗、监控员、秩序员负责任、热心、人好、态度好的语言。注意：需要明确业主的夸奖中有称赞词汇才纳入此标签，不要揣测。业主简单地回复正面情绪不强烈的客套话，如“谢谢”“好的”“感谢”这些词语，不纳入此标签。
- 例如：“保安态度很好”“保安主动开门”“保安帮忙搬运重物”“保安主动打招呼”“保安很负责”“保安辛苦了”等。
- 注意：只有明确提及“保安”“门岗”“监控员”“秩序员”的称呼时，才纳入此标签。

## 夸奖维修师傅事件

- 特指业主强烈夸奖师傅、技师、技工的情况，尤其是有直接大力夸赞师傅、技师、技工负责任、技术好、专业、尽职尽责的语言。注意：需要明确业主的夸奖中有称赞词汇才纳入此标签，不要揣测。业主简单地回复正面情绪不强烈的客套话，如“谢谢”“好的”“感谢”这些词语，不纳入此标签。
- 例如：“师傅很专业”“师傅技术好”“师傅态度好”“师傅很贴心”“师傅处理很及时”“师傅处理得很好”“师傅辛苦了”等。
  注意：只有明确提及“师傅”“技师”“技工”的称呼时，才纳入此标签。

## 夸奖保洁绿化员事件

- 特指业主强烈夸奖保洁员、绿化工人、园林工人的情况，尤其是有直接大力夸赞保洁员、绿化工人、园林工人负责任、工作做得好的语言。注意：需要明确业主的夸奖中有称赞词汇才纳入此标签，不要揣测。业主简单地回复正面情绪不强烈的客套话，如“谢谢”“好的”“感谢”这些词语，不纳入此标签。
- 例如：“保洁阿姨/大叔打扫很干净”“楼栋卫生很干净”“保洁阿姨/大叔工作认真”“保洁阿姨/大叔工作态度很好”“保洁阿姨/大叔工作很负责”“保洁阿姨/大叔很好”“保洁阿姨/大叔很热心”等。
  注意：明确提及“保洁”“绿化”的称呼时，需纳入此标签。

## 其他夸奖事件

- 除“夸奖管家或前台事件”“夸奖保安员事件”“夸奖维修师傅事件”“夸奖保洁绿化员事件”以外，特指业主强烈夸奖物业及物业其他员工的情况。注意：需要明确业主的夸奖中有称赞词汇才纳入此标签，不要揣测。业主简单地回复正面情绪不强烈的客套话，如“谢谢”“好的”“感谢”这些词语，不纳入此标签。
- 例如：“物业活动办得很好”“小区越来越好了”“物业服务比以前好”“小区环境变好了”“小区管理得比以前好了”“物业工作人员比以前好多了”。
- 注意：没有明确提及“管家”“前台”“保安”“门岗”“监控员”“秩序员”“师傅”“技师”“技工”“保洁”“绿化”称呼的夸奖，统一纳入此标签。

## 礼貌回复事件

- 业主简单地回复正面情绪不强烈的客套话，如“谢谢”“好的”“感谢”这些词语。注意：已纳入“夸奖管家或前台事件”“夸奖保安员事件”“夸奖维修师傅事件”“夸奖保洁绿化员事件”“其他夸奖事件”标签的事件，不得再纳入此标签。 

"""

# 负面情绪标签库：

"""

## 消息不回复问题

-   定义：特指业主明确指出管家、前台、秩序员、保安员、维修师傅不回复消息、长时间不回复消息、不接电话、不理人的情况。
-   例如：“发消息三天了都没人回”“打电话不接”“群里@物业没人理”“你们回复太慢了”“再不回复我要投诉你们了”“你为什么不回复？”、“打电话给你你不接”、“物业没人吗？没人回复吗？”
-   不包括：业主仅询问问题处理进度但未抱怨物业回复速度。例如：“我的报修处理到哪一步了？”、“电梯修了三天还没好”不属于“消息不回复问题”。 

##   客服管家或前台辱骂业主问题

- 定义：特指业主明确指出客服管家或前台在与自己、自己家人的沟通中，存在辱骂、挑衅、指责等有攻击性的言行。注意：对话场景中除业主本人，业主本人家属、客服管家、前台、维修师傅、保安员、门岗保安员、保洁绿化员工外，还存在其他身份的人员，不纳入此类标签；非辱骂、挑衅、指责等有攻击性的言行，不纳入此类标签；业主求助或反馈的问题未能解决，不纳入此类标签。
- 例如：“管家态度太差了”“前台态度太差了”“前台甩脸色给我看”“管家甩脸色给我看”“前台说话很凶”“管家说话很凶”“前台骂人”“管家骂人”。

## 秩序保安员辱骂业主问题

- 定义：特指业主明确指出保安员或门岗保安员在与自己、自己家人的沟通中，存在辱骂、挑衅、指责等有攻击性的言行或园区大门口无人值班、园区大门口脱岗、上班睡觉的行为。注意：非辱骂、挑衅、指责等有攻击性的言行或非园区大门口无人值班、园区大门口脱岗、上班睡觉的行为，不纳入此类标签；业主求助或反馈的问题未能解决，不纳入此类标签。
- 例如：“保安态度太差了”“保安骂人”“保安讲粗口”“保安推人打人”“保安态度太差了，我叫他开门他骂我”“保安上班睡觉”“大门口没有保安值班”。

## 维修师傅辱骂业主问题

- 定义：特指业主明确指出维修师傅在与自己、自己家人的沟通中，存在辱骂、挑衅、指责等有攻击性的言行或拒绝业主维修请求的行为。注意：非辱骂、挑衅、指责等有攻击性的言语或非拒绝业主维修请求的行为，不纳入此类标签；业主求助或反馈的维修问题未能解决，不纳入此类标签。
- 例如：“维修师傅态度太差了”“维修师傅没素质”“师傅不肯修我家的问题”“师傅要向我收钱”。

## 保洁绿化员工辱骂业主问题

- 定义：特指业主明确指出保洁绿化员工在与自己、自己家人的沟通中，存在辱骂、挑衅、指责等有攻击性的言行或偷懒不干活的行为。注意：非辱骂、挑衅、指责等有攻击性的言语或非偷懒不干活的行为，不纳入此类标签；业主求助或反馈的保洁、卫生、绿化问题未能解决，不纳入此类标签。
- 例如：“保洁员坐在楼梯偷懒”“保洁员坐着玩手机”“保洁员跟业主抢电梯”“绿化员抽烟不干活”“保洁员骂人”“保洁员上门骚扰威胁我”。 

## 诉求处理时效问题

-  定义：特指业主明确提及物业或物业员工不处理诉求、处理诉求速度慢、长时间未完成业主反馈的诉求。注意：需业主明确提及，不要揣测；业主反馈车牌未录入、未授权优先放入“诉求处理时效问题”。
-  例如：“报给你们了你们也不处理”、“就一个灯泡你们修一个月了都修不好？”、“你们就把砖贴上去就完了？不加固？这么敷衍？”、“你们修得也太慢了吧”、“上个月就报给你们了，等材料等一个月还没到？你们就这效率？”“车位授权没有”“为什么我的车进不来”“你帮我录车牌了没”“我已经缴费，为什么还给我发账单”等相关话术。需注意与服务响应问题区分开，业主明确提及回复消息慢、不回复消息不要归于诉求处理时效问题。
-  不包含：业主反馈的家中入户门、玄关、客厅、餐厅、天花板、阳台、卧室、厨房、卫生间等业主自己家中的区域，发生了如门锁损坏、地砖破裂、玻璃损坏、门锁损坏、渗漏水、电器损坏等问题处理得慢或不处理或对处理结果不满意，尤其是不包含户内渗漏水问题。 

## 车辆管控问题

- 定义：车辆管控特指涉及到小区内车辆的停放、管理等方面的问题。业主可能会提到有车辆占用他们的车位。比如，有时候访客的车停在小区里太久，或者临时停车管理不好，导致业主自己没地方停。还可能有人乱停车，比如占用消防通道，或者绿化带上停车，这样会有安全隐患或者导致拥堵。也涉及到非机动车的管理，比如电动车的停放和充电问题。有些业主可能把电动车停在楼道里充电，这样有火灾隐患。共享单车进入小区，乱停乱放，影响小区环境。还有车辆行驶安全的问题，比如小区内道路狭窄，车辆超速行驶，或者有小孩在车道上玩耍，存在安全隐患。或者交通标志不清晰，导致车辆行驶混乱。
- 不包含：车辆遇到车位授权系统故障、未授权、车牌未录入、道闸故障、道闸不抬杆或道闸损坏无法进出的情况

## 出入口管控问题

- 定义：特指小区的大门、小门、侧门、地库等出入口因保安看管不严、岗位无人值守、大门常开等管理缺失行为导致的陌生人员、广告推销人员、以及车辆随意进出小区、跟车进出逃费的情况。
- 不包含：车牌未录入、车辆系统故障、未授权、门禁、道闸故障或损坏导致无法进出的情况。

## 装修管控问题

- 定义：特指不按规定时间（早上8点-12点、下午14点-18点）装修产生噪音的情况或违规打通内外铺、破坏承重墙、住宅改商业、院子扩建占用公区等违建行为。
- 不包含：装修垃圾乱堆放未清运的情况、大阳台封窗

## 消防隐患问题

- 定义：特指消防设备缺失、损坏、故障的事件（消防栓无水、消防管道无压力、消防栓接口损坏、灭火器过期、报警系统故障、自动喷淋系统故障、应急照明灯不亮、未定期检查、应急预案缺失、消防控制室无人值守、违规储存易燃易爆物品、消防通道堆放物品、缺少灭火器、缺少消防枪头、缺少消防水带、楼栋或室内着火），及楼宇消防通道生活杂物堆积导致堵塞的情况。
- 不包含：消防通道被自行车、电动车、摩托车、汽车堵塞的情况

##  入室盗窃问题

-  定义：特指发生门锁被撬、入室盗窃事件导致住宅或商铺户内出现财产物品损失丢失、窗户被砸、重要物品丢失等财产损失的情况。
-  不包含：小额物品（纸箱、头盔、充电器、鞋子衣物、废品）的损失、宠物丢失、小孩老人走失、手机钱包意外遗失等情况。 

## 公区维修问题

-  定义：特指物业管辖范围的公共区域，如地库、园区、楼宇公区、天台等区域出现地面、墙砖、灯、门、窗、门禁、监控摄像头、安防设备损坏或设备房（水泵房、配电房等）故障或异常的事件。注意：外墙渗漏水优先纳入公区维修问题。
-  例如：电气系统（公共照明、电梯、电子显示屏、安防监控设备），给排水系统（水泵巡检与维护、化粪池清掏）、消防设施（消火栓、烟雾报警器、应急照明），公共区域墙体/地面（外墙渗漏、楼道地砖破损、屋顶防水层修复），公共设施（景观照明、休闲座椅、健身器材维护），停车场设施（车库排水、车库照明），电梯灯故障，电梯空调未开/关。
-  不包含：户内电器和水龙头等五金件、房屋内墙面的任何故障或损坏问题、停水停电问题、管道供暖问题、道路未开通、学校未建好、公园商场未建好、地铁未开通、电梯故障问题、地下车库未完工等。 

## 电梯故障问题

-  定义：特指小区电梯设备出现故障影响业主生活的现象，包括坠梯、电梯骤降、电梯困人、电梯按键失灵、电梯异响、电梯晃动严重、电梯门无法关闭、电梯紧急呼叫无法使用等问题。强调电梯内有人抽烟不属于电梯故障问题。
-  注意：不包括电梯内卫生差、电梯异味、电梯内有人抽烟、电梯无空调、电梯的灯不亮或故障、电梯空调未关、电梯空调未开等问题。 

## 道闸故障问题

- 定义：特指因园区、车库、出入口的道闸设备故障，导致人员或车辆无法进出的情况。
- 例如：道闸卡顿、无法升降，道闸晃动或倾斜，道闸限位器失效，道闸车牌识别设备故障，道闸车牌识别不出来，道闸设备断电、不通电，道闸地感线圈失效，道闸主板损坏、接线松动，道闸收费系统异常，道闸收费二维码故障，道闸联网功能中断、没有网络，道闸显示屏黑屏。
- 注意：道闸不起杆导致车辆无法进入，优先纳入“道闸故障问题”。

## 绿化问题

- 定义：特指园区绿植未修剪；修剪不及时；黄土裸露；绿植枯死；水土流失；绿植生虫；生病；绿植数量少，绿化面积少等所有绿化相关问题。重点：只要是绿化相关的问题，优先使用绿化问题。
- 不包含：扩建导致绿化破坏，如占用绿化区域建设非机动车充电桩、车棚、垃圾站等。

## 景观湖问题

- 定义：特指园区景观湖湖水浑浊、脏、被污染的问题。重点：只要是景观湖相关的问题，优先使用景观湖问题。
- 不包含：景观湖喷泉、灯光未开的情况

## 楼宇卫生问题

- 定义：特指楼栋内区域，如大堂、电梯、过道、楼梯间、电梯厅、天台、露台等楼宇内公共区域出现卫生脏乱差、打扫不及时、有积水、异味的情况。注意：电梯门口或电梯轿厢内出现卫生脏乱差问题优先纳入楼宇卫生问题。
- 不包含：楼栋外区域，如园区、地库、商铺周边等。

## 公区卫生问题

- 定义：特指特指楼栋外区域，如园区、地库、商铺周边等公共区域出现卫生脏乱差、打扫不及时、有积水、宠物粪便尿渍和异味的情况。
- 不包含：楼栋内区域、电梯门口及电梯轿厢内出现卫生脏乱差的情况。

## 垃圾处理问题

- 定义：特指业主反馈楼道、园区、地库的垃圾桶满溢、垃圾桶异味、垃圾清运时间不合理、垃圾清运不及时等垃圾处理工作没做好的问题。

## 四害消杀问题

- 定义：特指园区内老鼠、蟑螂、苍蝇、蚊、臭虫、蛇、白蚁等令人害怕的小生物问题。但不包括中大型动物。
- 不包含：宠物狗、宠物猫较多的情况。

## 经营产品质量问题

- 定义：特指业主反馈的关于园区充电桩收费不合理、充电不方便、直饮水机问题、桶装水问题、家政服务问题，充电桩、直饮水机出现故障的情况。

## 物业费问题

- 定义：特指物业费价格不合理、收费周期不合理、有减免或有赠送物业费未兑现的情况，以及上门催收物业费导致不满的情况。重点是物业费相关的问题优先纳入物业费问题。
- 不包含：停车费、装修押金、公摊水电费、垃圾清运费等费用收取问题

## 停车费问题

- 定义：特指业主反馈的车位临停费用、车位服务费、车位租金价格不合理、收费周期不合理的情况，重点是停车费相关的问题优先纳入停车费问题。

## 其他费用问题

- 定义：特指装修押金、公摊水电费、垃圾清运费等费用问题收费不合理、不合规或收费有异常的情况。
- 不包含：物业费和停车费相关的问题

## 律所催收问题

- 定义：特指业主收到律师函、催缴函、催收短信、法院传票、律师律所电话催收物业费引发的一系列投诉或者不满的情况。如业主吐槽电话轰炸、短信轰炸、威胁等暴力催收手段。注意：物业日常催缴物业费、发送催费账单不归于此类。

## 公共收益问题

- 定义：特指业主咨询和要求公示小区公共收益的收入和支出明细、质疑小区公共收益未公示、对公示的数据不认可等关于小区公共收益的事情。

##  业委会或物管会风险问题

- 定义：特指与业委会、业主大会或者物管会相关的事件，业主在聊天中提到业委会、业主大会或物管会的字眼，由此对物业产生的一系列的不满或者煽动群体情绪的事件。重点是业委会、业主大会或者物管会相关的事件优先纳入业委会或物管会风险问题。
- 例如：“物业续聘”“物业续聘投票”“更换物业公司”。 

## 开发商遗留配套问题

- 定义：特指项目无大门、楼宇内配套未全、无门禁、项目园区或周边外围道路未开通、垃圾站未建设或建设离楼栋过近、地库未开放、水、电、燃气、暖气、网络未开通、房产证、车位产权证未办理的情况
- 不包含：户内房屋质量问题，如户内墙裂、渗漏水等。

## 户内维修问题

- 定义：特指业主反馈家中入户门、玄关、客厅、餐厅、天花板、阳台、卧室、厨房、卫生间等业主自己家中的区域，发生了如门锁损坏、地砖破裂、玻璃损坏、门锁损坏、渗漏水、电器损坏等问题。注意，只有明确发生在业主家中的维修类问题，才归于此类，需要与公区维修区分开。注意：不包含外墙渗漏水问题。

## 噪音扰民问题

- 定义：特指园区内因日常生活、娱乐活动、设施设备运行等产生影响业主正常生活的声音，并由此引发业主的不满情绪、不满言论。
- 例如：蛙叫声、宠物叫声、争吵声音、乐器声音、儿童跑跳、家具拖动、高跟鞋踩踏声、家用电器噪音、装修施工噪音、商铺音响促销、夜间装卸货物响声、烟花爆竹燃放声音、车辆通行声音。

## 高空抛物问题

- 定义：特指业主反馈园区存在高空抛物导致的安全隐患，如楼上向下丢垃圾、丢烟头、泼水等危险的无道德行为。注意：不包括楼宇外立面墙砖可能脱落的现象。

## 水电气暖问题

- 定义：特指居民用水、居民用电、燃气、暖气的使用出现了异常，如断水断电断气等，水压低、跳闸、暖气不暖等情况
- 不包含：不包含由水、电、燃气、暖气引发的费用相关的问题

## 人伤物损问题

- 定义：特指园区内发生人员伤亡、财物损坏等现象，如人员跳楼、发生车祸、恶性伤人、打架斗殴、人员溺水、车辆被砸或剐蹭等。注意：不包括被盗类事件，被盗类事件应属于偷盗事件。

## 项目周边因素

- 定义：指业主无负面情绪讨论、谈及关于项目周边建设垃圾站、变电站、信号塔、墓地、化工厂、高压电线塔等相关话题的事件。讨论的过程中没有表达不满的话术或言语，只是客观反馈或讨论。

## 自然灾害

- 台风、暴雨、地震、冰雹、暴雪、洪涝、内涝、海水倒灌、沙尘暴等自然灾害事件。

## 群诉事件

- 大量业主在同一时间段情绪激动讨论某件事，并对物业有强烈不满。

## 其他负面问题

-  不属于上述分类的事件统一纳入其他类。
-  注意：因电梯内有人抽烟导致业主有负面情绪的情况，统一归类到其他负面问题。 

"""

# 无明显情绪标签库：

"""

## 车辆管控话题

- 定义：指业主无负面情绪讨论、谈及、咨询关于车辆停放和车辆管理相关话题的事件。讨论的过程中没有表达不满的话术或言语，只是客观反馈或讨论。如“谁的车停在我的车位上”“麻烦把车挪一下”“请把车移开”“请把车开走”等无明显负面情绪的话术。

## 车辆报备话题

- 定义：特指业主向前台、管家、秩序员、业主群发送车牌报备，或者是报备车辆、人员往来的话题。讨论的过程中没有表达不满的话术或言语，只是客观反馈或讨论。注意：如果群里有发送车牌号码的消息，归类需要限定在“车辆管控话题”和”车辆报备话题“两个标签中，如果发送车牌、乱停乱放的情况存在同一事件中，判断为”车辆管控话题“；否则判断为”车辆报备话题“。
- 例如：“报备一下，有车辆进车库”、“车牌是浙A CM9998，明天八点过来”、“有师傅过来维修，车牌是赣E715B9”。 

## 出入口管控话题

- 定义：指业主无负面情绪讨论、谈及、咨询关于小区的大门、小门、侧门、地库等出入口的人员出入和车辆出入相关话题的事件。讨论的过程中没有表达不满的话术或言语，只是客观反馈或讨论。
- 不包含：车牌未录入、车辆系统故障、未授权、门禁、道闸故障或损坏导致无法进出的情况。

## 装修管控话题

- 定义：指业主无负面情绪讨论、谈及、咨询关于装修产生噪音、违建行为相关话题的事件。讨论的过程中没有表达不满的话术或言语，只是客观反馈或讨论。
- 不包含：装修垃圾乱堆放未清运的情况、大阳台封窗

## 消防隐患话题

- 定义：指业主无负面情绪讨论、谈及、咨询关于消防设备、楼宇消防通道生活杂物堆积导致堵塞的相关话题的事件，讨论的过程中没有表达不满的话术或言语，只是客观反馈或讨论。
- 不包含：消防通道被自行车、电动车、摩托车、汽车堵塞的情况。

## 入室盗窃话题

-  定义：指业主无负面情绪讨论或谈及园区出现了门锁被撬、入室盗窃的事件，导致住宅或商铺户内出现财产物品损失丢失、窗户被砸、重要物品丢失等财产损失的相关话题，讨论的过程中没有表达不满的话术或言语，只是客观反馈或讨论。
-  不包含：小额物品（纸箱、头盔、充电器、鞋子衣物、废品）的损失、宠物丢失、小孩老人走失、手机钱包意外遗失等情况。 

## 公区维修话题

- 定义：指业主无负面情绪讨论、谈及、咨询关于物业管辖范围的公共区域出现故障相关话题的事件，讨论的过程中没有表达不满的话术或言语，只是客观反馈或讨论。注意：电梯灯、电梯空调相关无情绪话题也属于公区维修话题，外墙相关无情绪话题优先纳入公区维修话题。
- 不包含：户内电器和水龙头等五金件、房屋内墙面的任何故障或损坏话题、停水停电话题、管道供暖话题、道路未开通、学校未建好、公园商场未建好、地铁未开通、电梯故障话题、地下车库未完工等。

## 电梯故障话题

- 定义：指业主无负面情绪讨论、谈及、咨询关于小区电梯设备的相关话题。讨论的过程中没有表达不满的话术或言语，只是客观反馈或讨论。
- 注意：不包括电梯内卫生差、电梯异味、电梯内有人抽烟、电梯空调、电梯灯等话题。

## 道闸故障话题

- 定义：指业主无负面情绪讨论、谈及、咨询关于园区、车库、出入口的道闸设备相关话题的事件。讨论的过程中没有表达不满的话术或言语，只是客观反馈或讨论。
- 注意：道闸不起杆导致车辆无法进入，优先纳入“道闸故障话题”。

## 绿化话题

- 定义：指业主无负面情绪讨论、谈及、咨询关于园区绿化相关话题的事件。讨论的过程中没有表达不满的话术或言语，只是客观反馈或讨论。重点：只要是绿化相关的话题，优先使用绿化话题。
- 不包含：扩建导致绿化破坏，如占用绿化区域建设非机动车充电桩、车棚、垃圾站等。

## 景观湖话题

- 定义：指业主无负面情绪讨论、谈及、咨询关于园区景观湖相关话题的事件。讨论的过程中没有表达不满的话术或言语，只是客观反馈或讨论。重点：只要是景观湖相关的话题，优先使用景观湖话题。
- 不包含：景观湖喷泉、灯光未开的情况

## 楼宇卫生话题

- 定义：指业主无负面情绪讨论、谈及关于楼栋内区域，如大堂、电梯、过道、楼梯间、电梯厅、天台、露台等楼宇内公共区域卫生相关的话题。讨论的过程中没有表达不满的话术或言语，只是客观反馈或讨论。注意：电梯门口或电梯轿厢内出现卫生相关话题优先纳入楼宇卫生话题。
- 不包含：楼栋外区域，如园区、地库、商铺周边等。

## 公区卫生话题

- 定义：指业主无负面情绪讨论、谈及关于楼栋外区域，如园区、地库、商铺周边等公共区域卫生的相关话题的事件。讨论的过程中没有表达不满的话术或言语，只是客观反馈或讨论。
- 不包含：楼栋内区域、电梯门口及电梯轿厢内出现卫生脏乱差的情况。

## 垃圾处理话题

- 定义：指业主无负面情绪讨论、谈及关于楼道、园区、地库的垃圾桶满溢相关话题的事件。讨论的过程中没有表达不满的话术或言语，只是客观反馈或讨论。

## 四害消杀话题

- 定义：指业主无负面情绪讨论、谈及关于园区内老鼠、蟑螂、苍蝇、蚊、臭虫、蛇、白蚁等小生物相关话题的事件。讨论的过程中没有表达不满的话术或言语，只是客观反馈或讨论。但不包括中大型动物。
- 不包含：宠物狗、宠物猫较多的情况。

## 经营产品质量话题

- 定义：指业主无负面情绪讨论、谈及、咨询关于园区充电桩、直饮水机、桶装水、家政服务相关话题的事件。讨论的过程中没有表达不满的话术或言语，只是客观反馈或讨论。

## 物业费话题

- 定义：指业主无负面情绪讨论、谈及、咨询关于物业费相关话题的事件。讨论的过程中没有表达不满的话术或言语，只是客观反馈或讨论。
- 不包含：停车费、装修押金、公摊水电费、垃圾清运费等费用收取话题

## 停车费话题

- 定义：指业主无负面情绪讨论、谈及、咨询关于车位临停费用、车位服务费、车位租金价格相关话题的事件，讨论的过程中没有表达不满的话术或言语，只是客观反馈或讨论。重点是停车费相关的话题优先纳入停车费话题。

## 其他费用话题

- 定义：指业主无负面情绪讨论、谈及、咨询关于装修押金、公摊水电费、垃圾清运费等费用相关话题的事件。讨论的过程中没有表达不满的话术或言语，只是客观反馈或讨论。
- 不包含：物业费和停车费相关的话题。

## 公共收益话题

- 定义：指业主无负面情绪讨论、谈及、咨询关于小区公共收益相关话题的事件。讨论的过程中没有表达不满的话术或言语，只是客观反馈或讨论。

## 业委会或物管会风险话题

-  定义：指业主无负面情绪讨论、谈及、咨询关于业委会、业主大会或者物管会相关话题的事件。讨论的过程中没有表达不满的话术或言语，只是客观反馈或讨论。重点是业委会、业主大会或者物管会相关的事件优先纳入业委会或物管会话题。 

## 开发商遗留配套话题

- 定义：指业主无负面情绪讨论、谈及、咨询关于项目无大门、楼宇内配套未全、无门禁、项目园区或周边外围道路未开通、垃圾站未建设或建设离楼栋过近、地库未开放、水、电、燃气、暖气、网络未开通、房产证、车位产权证未办理的相关话题的事件。讨论的过程中没有表达不满的话术或言语，只是客观反馈或讨论。
- 不包含：户内房屋质量话题，如户内墙裂、渗漏水等。

## 户内维修话题

- 定义：指业主无负面情绪讨论、咨询、反馈关于家中入户门、玄关、客厅、餐厅、天花板、阳台、卧室、厨房、卫生间等业主自己家中的区域，发生了如门锁损坏、地砖破裂、玻璃损坏、门锁损坏、渗漏水、电器损坏等相关话题的事件。讨论的过程中没有表达不满的话术或言语，只是客观反馈或讨论。
- 注意：只有明确发生在业主家中的维修类话题，才归于此类，需要与公区维修区分开。不包含外墙渗漏水话题。

## 噪音扰民话题

- 定义：指业主无负面情绪讨论、谈及、咨询关于园区内噪音相关话题的事件。讨论的过程中没有表达不满的话术或言语，只是客观反馈或讨论。
- 例如：蛙叫声、宠物叫声、争吵声音、乐器声音、儿童跑跳、家具拖动、高跟鞋踩踏声、家用电器噪音、装修施工噪音、商铺音响促销、夜间装卸货物响声、烟花爆竹燃放声音、车辆通行声音。

## 高空抛物话题

- 定义：指业主无负面情绪讨论、谈及关于园区存在高空抛物相关话题的事件，如楼上向下丢垃圾、丢烟头、泼水等危险的无道德行为。讨论的过程中没有表达不满的话术或言语，只是客观反馈或讨论。
- 注意：不包括楼宇外立面墙砖可能脱落的现象。

## 水电气暖话题

- 定义：指业主无负面情绪讨论、谈及、咨询关于居民用水、居民用电、燃气、暖气相关话题的事件。讨论的过程中没有表达不满的话术或言语，只是客观反馈或讨论。
- 不包含：不包含由水、电、燃气、暖气引发的费用相关的话题

## 人伤物损话题

- 定义：指业主无负面情绪讨论、谈及关于园区内发生人员伤亡、财物损坏等现象的相关话题的事件，如人员跳楼、发生车祸、恶性伤人、打架斗殴、人员溺水、车辆被砸或剐蹭等。讨论的过程中没有表达不满的话术或言语，只是客观反馈或讨论。
- 注意：不包括被盗类事件，被盗类事件应属于偷盗事件。

## 项目周边因素

- 定义：指业主无负面情绪讨论、谈及关于项目周边建设垃圾站、变电站、信号塔、墓地、化工厂、高压电线塔等相关话题的事件。讨论的过程中没有表达不满的话术或言语，只是客观反馈或讨论。

## 租房或买房需求

- 定义：指业主无负面情讨论或咨询关于房屋或车位的买卖、出租相关话题的事件。讨论的过程中没有表达不满的话术或言语，只是客观反馈或讨论。

## 自然灾害话题

- 指业主无负面情绪讨论、谈及关于台风、暴雨、地震、冰雹、暴雪、洪涝、内涝、海水倒灌、沙尘暴等自然灾害事件。讨论的过程中没有表达不满的话术或言语，只是客观反馈或讨论。

##  通知或宣传或广告话题 

- 定义：特指宣传、通知、提示、公示、提醒类消息。例如：缴纳费用提醒、活动通知、活动（报名）接龙、征求意见通知、投票通知、值班通知、天气预报提醒、清理卫生通知、清理杂物通知、失物领取通知、车辆停放通知、道路限行通知、突发事项通知、设备更新通知、维修事项通知、停水通知、四害消杀通知、施肥通知、喷洒农药通知、停电通知、停气通知、停止供暖通知、物业服务工作宣传等。
- 注意：“通知类”标签与其他标签不兼容，具有排他性，纳入“通知类”标签的信息，不再赋予其他标签。

## 其他无情绪话题

- 不属于上述分类的其他无情绪事件统一纳入其他类（不包含任何通知的信息）。

"""


# 输出要求:

- 请将你的回复，整理为JSON结构进行输出：
  {
  "事件提取": [
    {
      "事件详情": "1、请基于时间顺序，详细说明该负面情绪事件，包括在什么地点，发生了什么事，业主有几个人，观点态度是什么等；2、保留所有关键性信息，如问题的原因，问题的现象，问题的结论，这些信息是用于后续分类打标签的；3、仅基于提到的信息描述事件，不得猜测、杜撰信息。",
      "业主情感强度": "1、请罗列业主的情绪，格式如：{"张三":"负面情绪","李四":"负面情绪"}；2、 准确识别角色，仅罗列业主情感，排除物业工作人员。",

  ​    "分析思路":"1、请从字面上拆解事件指出业主正面情绪或负面情绪或无明显情绪事件的聚焦点，严禁推测；2、然后从聚焦点中，思考精确匹配的标签。请至少思考150字"，

     "标签库对应值":"输出匹配到的标签，并进行去重。如果有多个标签时以顿号分割，格式如：消防隐患话题、车辆管控话题"，

  ​    "事件讨论开始时间": "请输出为事件讨论的开始时间，格式如：06月17日 14:42，如果找不到则输出为""",
  ​    "事件讨论结束时间": "输出为事件讨论的结束时间，格式如：06月17日 14:45 ，如果找不到则输出为"""
    }
  ]

  }

# 注意:

- 保持客观，仅根据正面情绪或负面情绪或无明显情绪倾向的点，进行匹配标签，禁止推断可能、潜在的原因，仅匹配确定的原因。
- 请注意事件/话题的连贯性，连续讨论的事件，共鸣的事件合并为同一个事件，不要拆分。
- 请注意正面情绪或负面情绪或无明显情绪倾向的事件，输出时按情绪倾向分开展示，不能合并在一个JSON对象中。
- 宣传或广告类信息不用判断情绪倾向，一律归类为通知类消息。
- 禁止在JSON之外输出任何解释说明信息。